// Jest Snapshot v1, https://goo.gl/fbAQLP

exports[`Pruebas en GifGridItem.js Se debe mostrar <GifGridItem /> correctamente. 1`] = `
<div
  className="card animate__animated animate__fadeIn"
>
  <img
    alt="Un título"
    src="https://imagen.jpg"
  />
  <p>
    Un título
  </p>
</div>
`;
